// Jest Snapshot v1, https://goo.gl/fbAQLP

exports[`Skeleton component should render correctly primary button 1`] = `
<div>
  <div
    class="skeleton"
    style="border-radius: 3px; height: 20px; margin: 4px; width: 110px;"
  />
</div>
`;
